EN lcd NULL "D:/UPB/Upb Sistemas/Arquitectura de Procesadores/Tercer Parcial/Proyecto Final/vhdl-cpu/CPU VHDL/ProyectoFinal/lcd.vhd" sub00/vhpl00 1616858589
AR lcd behavioral "D:/UPB/Upb Sistemas/Arquitectura de Procesadores/Tercer Parcial/Proyecto Final/vhdl-cpu/CPU VHDL/ProyectoFinal/lcd.vhd" sub00/vhpl01 1616858590
